ΓòöΓòÉΓòÉΓòÉΓòÉΓòÉΓòÉΓòÉΓòÉΓòÉΓòÉΓòÉΓòÉΓòÉΓòÉΓòÉΓòÉΓòÉΓòÉΓòÉΓòÉΓòÉΓòÉΓòÉΓòÉΓòÉΓòÉΓòÉΓòÉΓòÉΓòÉΓòÉΓòÉΓòÉΓòÉΓòÉΓòÉΓòÉΓòÉΓòÉΓòÉΓòÉΓòÉΓòÉΓòÉΓòÉΓòÉΓòÉΓòÉΓòÉΓòÉΓòÉΓòÉΓòÉΓòÉΓòÉΓòÉΓòÉΓòÉΓòÉΓòÉΓòÉΓòÉΓòÉΓòÉΓòÉΓòÉΓòÉΓòÉΓòù
Γòæ           V─░S─░ AI - 20 SENARYO MOD ALGILAMA TEST─░                  Γòæ
ΓòÜΓòÉΓòÉΓòÉΓòÉΓòÉΓòÉΓòÉΓòÉΓòÉΓòÉΓòÉΓòÉΓòÉΓòÉΓòÉΓòÉΓòÉΓòÉΓòÉΓòÉΓòÉΓòÉΓòÉΓòÉΓòÉΓòÉΓòÉΓòÉΓòÉΓòÉΓòÉΓòÉΓòÉΓòÉΓòÉΓòÉΓòÉΓòÉΓòÉΓòÉΓòÉΓòÉΓòÉΓòÉΓòÉΓòÉΓòÉΓòÉΓòÉΓòÉΓòÉΓòÉΓòÉΓòÉΓòÉΓòÉΓòÉΓòÉΓòÉΓòÉΓòÉΓòÉΓòÉΓòÉΓòÉΓòÉΓòÉΓòÉΓò¥

Γ£à #1 [A. Akademik]
   "Bug├╝n ne ├ºal─▒┼ƒmal─▒y─▒m?"
   ΓåÆ Mod: academic (DO─₧RU)

Γ£à #2 [A. Akademik]
   "Matematikte bu konuyu bitiremiyorum"
   ΓåÆ Mod: academic (DO─₧RU)

Γ£à #3 [A. Akademik]
   "Deneme netlerim d├╝┼ƒt├╝"
   ΓåÆ Mod: academic (DO─₧RU)

Γ£à #4 [A. Akademik]
   "Bu hafta i├ºin program yapal─▒m"
   ΓåÆ Mod: academic (DO─₧RU)

Γ£à #5 [A. Akademik]
   "Bug├╝n sadece 30 dakikam var"
   ΓåÆ Mod: academic (DO─₧RU)

Γ£à #6 [B. Duygusal]
   "├çok stresliyim"
   ΓåÆ Mod: focus-anxiety (DO─₧RU)

Γ¥î #7 [B. Duygusal]
   "Derse oturuyorum ama kilitleniyorum"
   ΓåÆ Beklenen: focus-anxiety
   ΓåÆ Ger├ºek: academic
   ΓåÆ Sebep: Akademik i├ºerik veya ├ºal─▒┼ƒma plan─▒
   ΓåÆ Skorlar: anxiety=1, motivation=0, career=0, academic=1

Γ¥î #8 [B. Duygusal]
   "Panik oluyorum"
   ΓåÆ Beklenen: focus-anxiety
   ΓåÆ Ger├ºek: academic
   ΓåÆ Sebep: Akademik i├ºerik veya ├ºal─▒┼ƒma plan─▒
   ΓåÆ Skorlar: anxiety=1, motivation=0, career=0, academic=0

Γ£à #9 [B. Duygusal]
   "Hi├ºbir ┼ƒey yapam─▒yorum"
   ΓåÆ Mod: focus-anxiety (DO─₧RU)

Γ¥î #10 [B. Duygusal]
   "Kafam ├ºok dolu"
   ΓåÆ Beklenen: focus-anxiety
   ΓåÆ Ger├ºek: academic
   ΓåÆ Sebep: Akademik i├ºerik veya ├ºal─▒┼ƒma plan─▒
   ΓåÆ Skorlar: anxiety=0, motivation=0, career=0, academic=0

Γ¥î #11 [C. Motivasyon]
   "─░├ºimden gelmiyor"
   ΓåÆ Beklenen: motivation-discipline
   ΓåÆ Ger├ºek: academic
   ΓåÆ Sebep: Akademik i├ºerik veya ├ºal─▒┼ƒma plan─▒
   ΓåÆ Skorlar: anxiety=0, motivation=0, career=0, academic=0

Γ¥î #12 [C. Motivasyon]
   "Hep erteliyorum"
   ΓåÆ Beklenen: motivation-discipline
   ΓåÆ Ger├ºek: academic
   ΓåÆ Sebep: Akademik i├ºerik veya ├ºal─▒┼ƒma plan─▒
   ΓåÆ Skorlar: anxiety=0, motivation=1, career=0, academic=0

Γ£à #13 [C. Motivasyon]
   "Ba┼ƒl─▒yorum ama devam edemiyorum"
   ΓåÆ Mod: motivation-discipline (DO─₧RU)

Γ£à #14 [C. Motivasyon]
   "B─▒rakmak istiyorum"
   ΓåÆ Mod: motivation-discipline (DO─₧RU)

Γ¥î #15 [C. Motivasyon]
   "├çok yoruldum"
   ΓåÆ Beklenen: motivation-discipline
   ΓåÆ Ger├ºek: academic
   ΓåÆ Sebep: Akademik i├ºerik veya ├ºal─▒┼ƒma plan─▒
   ΓåÆ Skorlar: anxiety=0, motivation=0, career=0, academic=0

Γ£à #16 [D. Geli┼ƒim]
   "Ben neye yatk─▒n─▒m?"
   ΓåÆ Mod: career-direction (DO─₧RU)

Γ£à #17 [D. Geli┼ƒim]
   "Hangi alanlarda daha iyiyim?"
   ΓåÆ Mod: career-direction (DO─₧RU)

Γ£à #18 [D. Geli┼ƒim]
   "Kendimi tan─▒mak istiyorum"
   ΓåÆ Mod: career-direction (DO─₧RU)

Γ¥î #19 [D. Geli┼ƒim]
   "Ben say─▒salc─▒ m─▒y─▒m s├╢zelci mi?"
   ΓåÆ Beklenen: career-direction
   ΓåÆ Ger├ºek: academic
   ΓåÆ Sebep: Akademik i├ºerik veya ├ºal─▒┼ƒma plan─▒
   ΓåÆ Skorlar: anxiety=0, motivation=0, career=0, academic=0

Γ£à #20 [D. Geli┼ƒim]
   "Gelecekte ne yapaca─ƒ─▒m─▒ bilmiyorum"
   ΓåÆ Mod: career-direction (DO─₧RU)

Γ£à #21 [BONUS - Kritik]
   "Hayat─▒m bitti, hi├ºbir ┼ƒeyin anlam─▒ yok"
   ΓåÆ Mod: safe-support (DO─₧RU)

ΓòÉΓòÉΓòÉΓòÉΓòÉΓòÉΓòÉΓòÉΓòÉΓòÉΓòÉΓòÉΓòÉΓòÉΓòÉΓòÉΓòÉΓòÉΓòÉΓòÉΓòÉΓòÉΓòÉΓòÉΓòÉΓòÉΓòÉΓòÉΓòÉΓòÉΓòÉΓòÉΓòÉΓòÉΓòÉΓòÉΓòÉΓòÉΓòÉΓòÉΓòÉΓòÉΓòÉΓòÉΓòÉΓòÉΓòÉΓòÉΓòÉΓòÉΓòÉΓòÉΓòÉΓòÉΓòÉΓòÉΓòÉΓòÉΓòÉΓòÉΓòÉΓòÉΓòÉΓòÉΓòÉΓòÉΓòÉΓòÉ
                            ├ûZET                                    
ΓòÉΓòÉΓòÉΓòÉΓòÉΓòÉΓòÉΓòÉΓòÉΓòÉΓòÉΓòÉΓòÉΓòÉΓòÉΓòÉΓòÉΓòÉΓòÉΓòÉΓòÉΓòÉΓòÉΓòÉΓòÉΓòÉΓòÉΓòÉΓòÉΓòÉΓòÉΓòÉΓòÉΓòÉΓòÉΓòÉΓòÉΓòÉΓòÉΓòÉΓòÉΓòÉΓòÉΓòÉΓòÉΓòÉΓòÉΓòÉΓòÉΓòÉΓòÉΓòÉΓòÉΓòÉΓòÉΓòÉΓòÉΓòÉΓòÉΓòÉΓòÉΓòÉΓòÉΓòÉΓòÉΓòÉΓòÉΓòÉ
Toplam: 21 senaryo
Γ£à Ba┼ƒar─▒l─▒: 14
Γ¥î Ba┼ƒar─▒s─▒z: 7
≡ƒôè Ba┼ƒar─▒ Oran─▒: 67%

ΓòÉΓòÉΓòÉΓòÉΓòÉΓòÉΓòÉΓòÉΓòÉΓòÉΓòÉΓòÉΓòÉΓòÉΓòÉΓòÉΓòÉΓòÉΓòÉΓòÉΓòÉΓòÉΓòÉΓòÉΓòÉΓòÉΓòÉΓòÉΓòÉΓòÉΓòÉΓòÉΓòÉΓòÉΓòÉΓòÉΓòÉΓòÉΓòÉΓòÉΓòÉΓòÉΓòÉΓòÉΓòÉΓòÉΓòÉΓòÉΓòÉΓòÉΓòÉΓòÉΓòÉΓòÉΓòÉΓòÉΓòÉΓòÉΓòÉΓòÉΓòÉΓòÉΓòÉΓòÉΓòÉΓòÉΓòÉΓòÉ
                     D├£ZELT─░LMES─░ GEREKEN SENARYOLAR               
ΓòÉΓòÉΓòÉΓòÉΓòÉΓòÉΓòÉΓòÉΓòÉΓòÉΓòÉΓòÉΓòÉΓòÉΓòÉΓòÉΓòÉΓòÉΓòÉΓòÉΓòÉΓòÉΓòÉΓòÉΓòÉΓòÉΓòÉΓòÉΓòÉΓòÉΓòÉΓòÉΓòÉΓòÉΓòÉΓòÉΓòÉΓòÉΓòÉΓòÉΓòÉΓòÉΓòÉΓòÉΓòÉΓòÉΓòÉΓòÉΓòÉΓòÉΓòÉΓòÉΓòÉΓòÉΓòÉΓòÉΓòÉΓòÉΓòÉΓòÉΓòÉΓòÉΓòÉΓòÉΓòÉΓòÉΓòÉΓòÉ

#7 [B. Duygusal]: "Derse oturuyorum ama kilitleniyorum"
   Beklenen "focus-anxiety" ama "academic" ├º─▒kt─▒
   ≡ƒÆí ├ûNER─░: ANXIETY_KEYWORDS listesine bu mesajdan kelimeler eklenmeli

#8 [B. Duygusal]: "Panik oluyorum"
   Beklenen "focus-anxiety" ama "academic" ├º─▒kt─▒
   ≡ƒÆí ├ûNER─░: ANXIETY_KEYWORDS listesine bu mesajdan kelimeler eklenmeli

#10 [B. Duygusal]: "Kafam ├ºok dolu"
   Beklenen "focus-anxiety" ama "academic" ├º─▒kt─▒
   ≡ƒÆí ├ûNER─░: ANXIETY_KEYWORDS listesine bu mesajdan kelimeler eklenmeli

#11 [C. Motivasyon]: "─░├ºimden gelmiyor"
   Beklenen "motivation-discipline" ama "academic" ├º─▒kt─▒
   ≡ƒÆí ├ûNER─░: MOTIVATION_KEYWORDS listesine bu mesajdan kelimeler eklenmeli

#12 [C. Motivasyon]: "Hep erteliyorum"
   Beklenen "motivation-discipline" ama "academic" ├º─▒kt─▒
   ≡ƒÆí ├ûNER─░: MOTIVATION_KEYWORDS listesine bu mesajdan kelimeler eklenmeli

#15 [C. Motivasyon]: "├çok yoruldum"
   Beklenen "motivation-discipline" ama "academic" ├º─▒kt─▒
   ≡ƒÆí ├ûNER─░: MOTIVATION_KEYWORDS listesine bu mesajdan kelimeler eklenmeli

#19 [D. Geli┼ƒim]: "Ben say─▒salc─▒ m─▒y─▒m s├╢zelci mi?"
   Beklenen "career-direction" ama "academic" ├º─▒kt─▒
   ≡ƒÆí ├ûNER─░: CAREER_KEYWORDS listesine bu mesajdan kelimeler eklenmeli

ΓòÉΓòÉΓòÉΓòÉΓòÉΓòÉΓòÉΓòÉΓòÉΓòÉΓòÉΓòÉΓòÉΓòÉΓòÉΓòÉΓòÉΓòÉΓòÉΓòÉΓòÉΓòÉΓòÉΓòÉΓòÉΓòÉΓòÉΓòÉΓòÉΓòÉΓòÉΓòÉΓòÉΓòÉΓòÉΓòÉΓòÉΓòÉΓòÉΓòÉΓòÉΓòÉΓòÉΓòÉΓòÉΓòÉΓòÉΓòÉΓòÉΓòÉΓòÉΓòÉΓòÉΓòÉΓòÉΓòÉΓòÉΓòÉΓòÉΓòÉΓòÉΓòÉΓòÉΓòÉΓòÉΓòÉΓòÉΓòÉ
                         HEDEF DURUMU                                
ΓòÉΓòÉΓòÉΓòÉΓòÉΓòÉΓòÉΓòÉΓòÉΓòÉΓòÉΓòÉΓòÉΓòÉΓòÉΓòÉΓòÉΓòÉΓòÉΓòÉΓòÉΓòÉΓòÉΓòÉΓòÉΓòÉΓòÉΓòÉΓòÉΓòÉΓòÉΓòÉΓòÉΓòÉΓòÉΓòÉΓòÉΓòÉΓòÉΓòÉΓòÉΓòÉΓòÉΓòÉΓòÉΓòÉΓòÉΓòÉΓòÉΓòÉΓòÉΓòÉΓòÉΓòÉΓòÉΓòÉΓòÉΓòÉΓòÉΓòÉΓòÉΓòÉΓòÉΓòÉΓòÉΓòÉΓòÉΓòÉ
ΓÜá∩╕Å HEDEF SA─₧LANAMADI: %67 ba┼ƒar─▒ oran─▒ (hedef: %90+)
   Gerekli d├╝zeltmeler i├ºin yukar─▒daki ├╢nerilere bak─▒n.
